../Middlewares/ST/STM32_Cryptographic/legacy_v3/src/cipher/legacy_v3_chachapoly.c:25:9:ChaCha20Poly1305_Encrypt_Init	16	static
../Middlewares/ST/STM32_Cryptographic/legacy_v3/src/cipher/legacy_v3_chachapoly.c:78:9:ChaCha20Poly1305_Header_Append	8	static
../Middlewares/ST/STM32_Cryptographic/legacy_v3/src/cipher/legacy_v3_chachapoly.c:106:9:ChaCha20Poly1305_Encrypt_Append	24	static
../Middlewares/ST/STM32_Cryptographic/legacy_v3/src/cipher/legacy_v3_chachapoly.c:149:9:ChaCha20Poly1305_Encrypt_Finish	16	static
../Middlewares/ST/STM32_Cryptographic/legacy_v3/src/cipher/legacy_v3_chachapoly.c:189:9:ChaCha20Poly1305_Decrypt_Init	16	static
../Middlewares/ST/STM32_Cryptographic/legacy_v3/src/cipher/legacy_v3_chachapoly.c:242:9:ChaCha20Poly1305_Decrypt_Append	24	static
../Middlewares/ST/STM32_Cryptographic/legacy_v3/src/cipher/legacy_v3_chachapoly.c:285:9:ChaCha20Poly1305_Decrypt_Finish	8	static
