../Middlewares/ST/STM32_Cryptographic/legacy_v3/src/cipher/legacy_v3_aes_ccm.c:25:9:AES_CCM_Encrypt_Init	24	static
../Middlewares/ST/STM32_Cryptographic/legacy_v3/src/cipher/legacy_v3_aes_ccm.c:95:9:AES_CCM_Header_Append	8	static
../Middlewares/ST/STM32_Cryptographic/legacy_v3/src/cipher/legacy_v3_aes_ccm.c:123:9:AES_CCM_Encrypt_Append	24	static
../Middlewares/ST/STM32_Cryptographic/legacy_v3/src/cipher/legacy_v3_aes_ccm.c:166:9:AES_CCM_Encrypt_Finish	16	static
../Middlewares/ST/STM32_Cryptographic/legacy_v3/src/cipher/legacy_v3_aes_ccm.c:212:9:AES_CCM_Decrypt_Init	24	static
../Middlewares/ST/STM32_Cryptographic/legacy_v3/src/cipher/legacy_v3_aes_ccm.c:281:9:AES_CCM_Decrypt_Append	24	static
../Middlewares/ST/STM32_Cryptographic/legacy_v3/src/cipher/legacy_v3_aes_ccm.c:324:9:AES_CCM_Decrypt_Finish	8	static
