../Core/Src/main.c:97:5:main	8	static
../Core/Src/main.c:160:6:SystemClock_Config	96	static
../Core/Src/main.c:210:13:MX_ADC1_Init	32	static
../Core/Src/main.c:282:13:MX_CRC_Init	8	static
../Core/Src/main.c:313:13:MX_I2C1_Init	8	static
../Core/Src/main.c:361:13:MX_I2C2_Init	8	static
../Core/Src/main.c:409:13:MX_I2C3_Init	8	static
../Core/Src/main.c:457:13:MX_IWDG_Init	8	static
../Core/Src/main.c:486:13:MX_TIM1_Init	40	static
../Core/Src/main.c:533:13:MX_TIM2_Init	40	static
../Core/Src/main.c:578:13:MX_TIM16_Init	80	static
../Core/Src/main.c:640:13:MX_USART1_UART_Init	8	static
../Core/Src/main.c:675:13:MX_USART2_UART_Init	8	static
../Core/Src/main.c:708:13:MX_DMA_Init	16	static
../Core/Src/main.c:741:13:MX_GPIO_Init	48	static
../Core/Src/main.c:802:6:Error_Handler	4	static,ignoring_inline_asm
