../Core/Src/main.c:98:5:main	16	static
../Core/Src/main.c:167:6:SystemClock_Config	96	static
../Core/Src/main.c:216:13:MX_NVIC_Init	8	static
../Core/Src/main.c:228:13:MX_ADC1_Init	32	static
../Core/Src/main.c:300:13:MX_CRC_Init	8	static
../Core/Src/main.c:331:13:MX_I2C1_Init	8	static
../Core/Src/main.c:379:13:MX_I2C2_Init	8	static
../Core/Src/main.c:427:13:MX_I2C3_Init	8	static
../Core/Src/main.c:475:13:MX_IWDG_Init	8	static
../Core/Src/main.c:504:13:MX_TIM1_Init	40	static
../Core/Src/main.c:551:13:MX_TIM2_Init	40	static
../Core/Src/main.c:596:13:MX_TIM16_Init	80	static
../Core/Src/main.c:658:13:MX_USART1_UART_Init	8	static
../Core/Src/main.c:693:13:MX_USART2_UART_Init	8	static
../Core/Src/main.c:726:13:MX_DMA_Init	16	static
../Core/Src/main.c:759:13:MX_GPIO_Init	48	static
../Core/Src/main.c:820:6:Error_Handler	4	static,ignoring_inline_asm
