../Middlewares/ST/STM32_Cryptographic/legacy_v3/src/mac/legacy_v3_cmac.c:24:9:AES_CMAC_Encrypt_Init	8	static
../Middlewares/ST/STM32_Cryptographic/legacy_v3/src/mac/legacy_v3_cmac.c:70:9:AES_CMAC_Encrypt_Append	8	static
../Middlewares/ST/STM32_Cryptographic/legacy_v3/src/mac/legacy_v3_cmac.c:111:9:AES_CMAC_Encrypt_Finish	24	static
../Middlewares/ST/STM32_Cryptographic/legacy_v3/src/mac/legacy_v3_cmac.c:155:9:AES_CMAC_Decrypt_Init	0	static
../Middlewares/ST/STM32_Cryptographic/legacy_v3/src/mac/legacy_v3_cmac.c:161:9:AES_CMAC_Decrypt_Append	8	static
../Middlewares/ST/STM32_Cryptographic/legacy_v3/src/mac/legacy_v3_cmac.c:169:9:AES_CMAC_Decrypt_Finish	16	static
