../Middlewares/ST/STM32_Cryptographic/legacy_v3/src/ecc/legacy_v3_ecc.c:97:9:ECCinitEC	64	static
../Middlewares/ST/STM32_Cryptographic/legacy_v3/src/ecc/legacy_v3_ecc.c:123:9:ECCfreeEC	16	static
../Middlewares/ST/STM32_Cryptographic/legacy_v3/src/ecc/legacy_v3_ecc.c:137:9:ECCinitPoint	24	static
../Middlewares/ST/STM32_Cryptographic/legacy_v3/src/ecc/legacy_v3_ecc.c:183:9:ECCfreePoint	16	static
../Middlewares/ST/STM32_Cryptographic/legacy_v3/src/ecc/legacy_v3_ecc.c:216:9:ECCsetPointCoordinate	16	static
../Middlewares/ST/STM32_Cryptographic/legacy_v3/src/ecc/legacy_v3_ecc.c:257:9:ECCgetPointCoordinate	16	static
../Middlewares/ST/STM32_Cryptographic/legacy_v3/src/ecc/legacy_v3_ecc.c:295:9:ECCgetPointFlag	0	static
../Middlewares/ST/STM32_Cryptographic/legacy_v3/src/ecc/legacy_v3_ecc.c:309:6:ECCsetPointFlag	0	static
../Middlewares/ST/STM32_Cryptographic/legacy_v3/src/ecc/legacy_v3_ecc.c:317:9:ECCsetPointGenerator	16	static
../Middlewares/ST/STM32_Cryptographic/legacy_v3/src/ecc/legacy_v3_ecc.c:348:9:ECCcopyPoint	16	static
../Middlewares/ST/STM32_Cryptographic/legacy_v3/src/ecc/legacy_v3_ecc.c:368:9:ECCinitPrivKey	16	static
../Middlewares/ST/STM32_Cryptographic/legacy_v3/src/ecc/legacy_v3_ecc.c:414:9:ECCfreePrivKey	16	static
../Middlewares/ST/STM32_Cryptographic/legacy_v3/src/ecc/legacy_v3_ecc.c:448:9:ECCsetPrivKeyValue	16	static
../Middlewares/ST/STM32_Cryptographic/legacy_v3/src/ecc/legacy_v3_ecc.c:469:9:ECCgetPrivKeyValue	16	static
../Middlewares/ST/STM32_Cryptographic/legacy_v3/src/ecc/legacy_v3_ecc.c:491:9:ECDSAinitSign	24	static
../Middlewares/ST/STM32_Cryptographic/legacy_v3/src/ecc/legacy_v3_ecc.c:538:9:ECDSAfreeSign	16	static
../Middlewares/ST/STM32_Cryptographic/legacy_v3/src/ecc/legacy_v3_ecc.c:573:9:ECDSAsetSignature	16	static
../Middlewares/ST/STM32_Cryptographic/legacy_v3/src/ecc/legacy_v3_ecc.c:614:9:ECDSAgetSignature	16	static
../Middlewares/ST/STM32_Cryptographic/legacy_v3/src/ecc/legacy_v3_ecc.c:654:9:ECCvalidatePubKey	48	static
../Middlewares/ST/STM32_Cryptographic/legacy_v3/src/ecc/legacy_v3_ecc.c:686:9:ECCscalarMul	40	static
../Middlewares/ST/STM32_Cryptographic/legacy_v3/src/ecc/legacy_v3_ecc.c:708:9:ECCkeyGen	72	static
../Middlewares/ST/STM32_Cryptographic/legacy_v3/src/ecc/legacy_v3_ecc.c:768:9:ECDSAsign	80	static
../Middlewares/ST/STM32_Cryptographic/legacy_v3/src/ecc/legacy_v3_ecc.c:829:9:ECDSAverify	48	static
